var map = "";
map += "################################################################";
map += "#..............#...............................................#";
map += "#..............#...............................................#";
map += "#..............#...............................................#";
map += "#..............#...............................................#";
map += "#..............#...............................................#";
map += "#..............#...............................................#";
map += "#..............#...............................................#";
map += "#..............#...............................................#";
map += "#..............#...............................................#";
map += "#..............#...............................................#";
map += "#..............#...............................................#";
map += "#..............#...............................................#";
map += "#..............#...............................................#";
map += "#..............#...............................................#";
map += "######...#######...............................................#";
map += "#..............................................................#";
map += "#..............................................................#";
map += "#..............................................................#";
map += "#..............................................................#";
map += "#..............................................................#";
map += "#..............................................................#";
map += "#..............................................................#";
map += "#..............................................................#";
map += "#..............................................................#";
map += "#..............................................................#";
map += "#..............................................................#";
map += "#..............................................................#";
map += "#..............................................................#";
map += "#..............................................................#";
map += "#..............................................................#";
map += "#..............................................................#";
map += "#..............................................................#";
map += "#..............................................................#";
map += "#..............................................................#";
map += "#..............................................................#";
map += "#..............................................................#";
map += "#..............................................................#";
map += "#..............................................................#";
map += "#..............................................................#";
map += "#..............................................................#";
map += "#..............................................................#";
map += "#..............................................................#";
map += "#..............................................................#";
map += "#..............................................................#";
map += "#..............................................................#";
map += "#..............................................................#";
map += "#..............................................................#";
map += "#..............................................................#";
map += "#..............................................................#";
map += "#..............................................................#";
map += "#..............................................................#";
map += "#..............................................................#";
map += "#..............................................................#";
map += "#..............................................................#";
map += "#..............................................................#";
map += "#..............................................................#";
map += "#..............................................................#";
map += "#..............................................................#";
map += "#..............................................................#";
map += "#..............................................................#";
map += "#..............................................................#";
map += "#..............................................................#";
map += "################################################################";

T1 = {
  nMapHeight: 64,
  nMapWidth: 64,
  map: map,
  fPlayerX: 8.5,
  fPlayerY: 8.5,
  fPlayerA: 1.5,
  color: "white",
  background: "black",
  sprites: "autogen",
};